// Jest Snapshot v1, https://goo.gl/fbAQLP

exports[`Should fetch then render a list of Players 1`] = `
<div>
  <h1>
    Loading players...
  </h1>
</div>
`;
