// Jest Snapshot v1, https://goo.gl/fbAQLP

exports[`should render a simple homepage 1`] = `
<div>
  <div>
    <div
      class="home-sauce"
    >
      <img
        alt="kickball"
        src="kickball.jfif"
      />
    </div>
  </div>
</div>
`;
