// Jest Snapshot v1, https://goo.gl/fbAQLP

exports[`Should fetch then render a list of teams 1`] = `
<div>
  <h1>
    Loading teams...
  </h1>
</div>
`;
